Solver command line: ['/home/vres/opt/gurobi800/linux64/bin/gurobi.sh']

Academic license - for non-commercial use only
Changed value of parameter QCPDual to 1
   Prev: 0  Min: 0  Max: 1  Default: 0
Changed value of parameter threads to 20
   Prev: 0  Min: 0  Max: 1024  Default: 0
Changed value of parameter method to 2
   Prev: -1  Min: -1  Max: 5  Default: -1
Changed value of parameter crossover to 0
   Prev: -1  Min: -1  Max: 5  Default: -1
Optimize a model with 13805768 rows, 8226258 columns and 34314569 nonzeros
Coefficient statistics:
  Matrix range     [1e-06, 4e+02]
  Objective range  [1e-05, 7e+06]
  Bounds range     [3e-06, 5e+06]
  RHS range        [3e-06, 8e+06]
Presolve removed 4457348 rows and 830737 columns (presolve time = 17s) ...
Presolve removed 4457348 rows and 830737 columns (presolve time = 22s) ...
Presolve removed 4834120 rows and 1207509 columns (presolve time = 25s) ...
Presolve removed 4834120 rows and 1207509 columns (presolve time = 34s) ...
Presolve removed 4834120 rows and 1207509 columns (presolve time = 36s) ...
Presolve removed 4834120 rows and 1207509 columns (presolve time = 48s) ...
Presolve removed 4834120 rows and 1207509 columns (presolve time = 51s) ...
Presolve removed 4834121 rows and 1207509 columns
Presolve time: 54.88s
Presolved: 8971647 rows, 7018750 columns, 28088858 nonzeros
Elapsed ordering time = 51s
Elapsed ordering time = 67s
Elapsed ordering time = 83s
Elapsed ordering time = 90s
Elapsed ordering time = 97s
Elapsed ordering time = 103s
Elapsed ordering time = 110s
Elapsed ordering time = 112s
Elapsed ordering time = 115s
Elapsed ordering time = 121s
Elapsed ordering time = 126s
Elapsed ordering time = 130s
Elapsed ordering time = 135s
Elapsed ordering time = 141s
Elapsed ordering time = 145s
Elapsed ordering time = 150s
Elapsed ordering time = 155s
Elapsed ordering time = 160s
Elapsed ordering time = 165s
Elapsed ordering time = 170s
Elapsed ordering time = 175s
Ordering time: 197.67s

Barrier statistics:
 Dense cols : 571
 Free vars  : 411720
 AA' NZ     : 2.947e+07
 Factor NZ  : 2.174e+08 (roughly 8.0 GBytes of memory)
 Factor Ops : 6.564e+10 (roughly 4 seconds per iteration)
 Threads    : 20

                  Objective                Residual
Iter       Primal          Dual         Primal    Dual     Compl     Time
   0   4.53306340e+10 -1.01676726e+11  6.83e+10 4.79e+00  1.27e+08   279s
   1   4.53290363e+10 -2.34579004e+11  6.66e+10 8.00e+02  9.78e+07   287s
   2   4.40360853e+10 -3.11123343e+11  6.08e+10 6.69e+02  8.87e+07   298s
   3   4.23839645e+10 -8.01952302e+11  5.43e+10 5.64e+02  6.51e+07   307s
   4   3.65061910e+10 -1.49176092e+12  3.46e+10 1.75e+02  3.43e+07   324s
   5   3.32088559e+10 -1.60104482e+12  2.23e+10 3.72e+01  1.69e+07   336s
   6   3.06817857e+10 -1.49471791e+12  1.06e+10 9.82e+00  7.38e+06   346s
   7   3.04477960e+10 -1.24877163e+12  7.33e+09 2.87e+00  4.77e+06   353s
   8   3.10341979e+10 -1.05915055e+12  4.35e+09 1.18e+00  2.77e+06   361s
   9   3.17213171e+10 -8.25733782e+11  2.70e+09 3.76e-01  1.69e+06   368s
  10   2.95463104e+10 -6.00174640e+11  9.51e+08 1.02e-01  5.99e+05   376s
  11   2.64414049e+10 -3.53745378e+11  3.58e+08 2.52e-02  2.24e+05   384s
  12   2.73450281e+10 -3.45491405e+11  3.27e+08 2.48e-02  2.06e+05   392s
  13   2.98682313e+10 -2.38015767e+11  2.58e+08 6.01e-02  1.53e+05   399s
  14   3.19366051e+10 -1.89439714e+11  2.36e+08 5.56e-02  1.34e+05   406s
  15   3.19603603e+10 -1.35793948e+11  1.61e+08 5.91e-02  9.01e+04   416s
  16   3.43059258e+10 -8.94706674e+10  1.22e+08 5.08e-02  5.88e+04   429s
  17   3.45647884e+10 -6.04429003e+10  8.79e+07 4.59e-02  4.01e+04   438s
  18   2.32429556e+10 -5.49630139e+10  4.52e+07 3.87e-02  2.26e+04   447s
  19   2.23547901e+10 -2.54031366e+10  4.01e+07 1.95e-02  1.75e+04   455s
  20   1.25577102e+10 -1.87335575e+10  1.98e+07 3.05e-02  8.96e+03   462s
  21   1.22994732e+10 -1.76972374e+10  1.92e+07 4.33e-02  8.57e+03   471s
  22   1.13703655e+10 -1.38685629e+10  1.65e+07 3.44e-02  7.16e+03   479s
  23   9.68378238e+09 -1.04236078e+10  1.32e+07 3.30e-02  5.37e+03   490s
  24   5.27335551e+09 -7.28123956e+09  6.24e+06 3.57e-02  2.68e+03   503s
  25   3.10950801e+09 -4.61204277e+09  2.02e+06 2.93e-02  1.09e+03   513s
  26   2.17038103e+09 -3.31586468e+09  1.31e+06 2.72e-02  6.98e+02   520s
  27   1.54141425e+09 -2.55862087e+09  8.94e+05 2.32e-02  4.80e+02   527s
  28   1.38006712e+09 -1.64413824e+09  7.79e+05 2.10e-02  3.52e+02   535s
  29   7.32770817e+08 -1.12008846e+09  3.80e+05 2.08e-02  1.89e+02   546s
  30   6.20760681e+08 -1.04348764e+09  3.03e+05 2.03e-02  1.63e+02   553s
  31   5.12874844e+08 -8.26141556e+08  2.37e+05 1.83e-02  1.25e+02   563s
  32   4.33510469e+08 -5.48013264e+08  1.84e+05 1.69e-02  8.89e+01   576s
  33   3.40653223e+08 -3.41102966e+08  1.29e+05 1.71e-02  5.97e+01   585s
  34   3.09424012e+08 -3.16191061e+08  1.11e+05 1.70e-02  5.38e+01   593s
  35   2.73907091e+08 -2.44161094e+08  9.09e+04 1.63e-02  4.39e+01   600s
  36   2.21190431e+08 -1.89327899e+08  6.76e+04 1.55e-02  3.40e+01   608s
  37   2.09838506e+08 -1.07135228e+08  6.30e+04 1.47e-02  2.61e+01   618s
  38   1.89602992e+08 -7.68061739e+07  5.51e+04 1.42e-02  2.19e+01   630s
  39   1.82241911e+08 -6.20330827e+07  5.22e+04 1.38e-02  2.00e+01   639s
  40   1.66514344e+08 -3.89569701e+07  4.48e+04 1.30e-02  1.67e+01   647s
  41   1.46222142e+08 -1.27982145e+07  3.65e+04 1.31e-02  1.29e+01   654s
  42   1.30248804e+08 -3.88875675e+06  2.97e+04 1.29e-02  1.07e+01   661s
  43   1.17631012e+08 -1.38728273e+06  2.50e+04 1.28e-02  9.42e+00   671s
  44   1.01495170e+08  1.37684091e+07  1.88e+04 1.15e-02  6.87e+00   678s
  45   9.88917818e+07  1.60898438e+07  1.76e+04 1.11e-02  6.44e+00   688s
  46   8.22725880e+07  2.60782192e+07  1.12e+04 9.15e-03  4.22e+00   701s
  47   7.28948864e+07  2.53931461e+07  8.26e+03 8.83e-03  3.51e+00   711s
  48   7.05132882e+07  3.00169702e+07  7.52e+03 7.20e-03  2.98e+00   719s
  49   6.83776358e+07  3.08540340e+07  6.97e+03 6.75e-03  2.75e+00   726s
  50   6.72752282e+07  3.34811701e+07  6.65e+03 5.14e-03  2.46e+00   735s
  51   6.40608864e+07  3.57910323e+07  5.71e+03 3.82e-03  2.03e+00   744s
  52   6.29562566e+07  3.71858756e+07  5.37e+03 3.09e-03  1.84e+00   751s
  53   5.82492222e+07  3.78186753e+07  3.99e+03 2.83e-03  1.43e+00   760s
  54   5.67985083e+07  3.92253298e+07  3.54e+03 2.03e-03  1.20e+00   773s
  55   5.55256690e+07  4.01085214e+07  3.10e+03 1.82e-03  1.04e+00   783s
  56   5.51313407e+07  4.10734825e+07  2.96e+03 1.62e-03  9.36e-01   791s
  57   5.41031574e+07  4.18942189e+07  2.62e+03 1.36e-03  7.98e-01   800s
  58   5.27427956e+07  4.21892101e+07  2.16e+03 1.27e-03  6.78e-01   807s
  59   5.23239479e+07  4.28973702e+07  2.00e+03 1.10e-03  5.92e-01   817s
  60   5.12408923e+07  4.34553740e+07  1.61e+03 1.03e-03  4.73e-01   825s
  61   5.04282718e+07  4.38344952e+07  1.31e+03 9.33e-04  3.88e-01   834s
  62   5.00042694e+07  4.42011238e+07  1.16e+03 8.29e-04  3.30e-01   847s
  63   4.94669091e+07  4.43277799e+07  9.98e+02 7.63e-04  2.83e-01   857s
  64   4.92368315e+07  4.44277781e+07  9.27e+02 6.95e-04  2.60e-01   865s
  65   4.87973535e+07  4.45136677e+07  7.87e+02 6.29e-04  2.24e-01   873s
  66   4.85970313e+07  4.46431509e+07  7.16e+02 5.36e-04  2.00e-01   880s
  67   4.82523113e+07  4.46876252e+07  6.05e+02 5.07e-04  1.74e-01   891s
  68   4.81466836e+07  4.47706084e+07  5.71e+02 4.49e-04  1.60e-01   898s
  69   4.79616626e+07  4.48110362e+07  5.13e+02 4.18e-04  1.44e-01   909s
  70   4.78372960e+07  4.48640940e+07  4.71e+02 3.72e-04  1.31e-01   921s
  71   4.76284349e+07  4.48710016e+07  4.04e+02 3.64e-04  1.17e-01   931s
  72   4.75728975e+07  4.48885033e+07  3.84e+02 3.47e-04  1.12e-01   937s
  73   4.75478713e+07  4.49232153e+07  3.77e+02 3.14e-04  1.07e-01   944s
  74   4.75031267e+07  4.49457351e+07  3.62e+02 2.89e-04  1.02e-01   952s
  75   4.73730606e+07  4.49731511e+07  3.21e+02 2.63e-04  9.14e-02   962s
  76   4.72968499e+07  4.50040725e+07  2.97e+02 2.32e-04  8.39e-02   974s
  77   4.72581379e+07  4.50079187e+07  2.85e+02 2.29e-04  8.11e-02   985s
  78   4.72214804e+07  4.50108381e+07  2.74e+02 2.26e-04  7.85e-02   992s
  79   4.71767348e+07  4.50294502e+07  2.60e+02 2.09e-04  7.41e-02  1000s
  80   4.71561404e+07  4.50332275e+07  2.54e+02 2.05e-04  7.25e-02  1007s
  81   4.71030640e+07  4.50521732e+07  2.38e+02 1.84e-04  6.75e-02  1017s
  82   4.70174683e+07  4.50734389e+07  2.12e+02 1.60e-04  6.03e-02  1025s
  83   4.69184963e+07  4.50897033e+07  1.84e+02 1.45e-04  5.28e-02  1036s
  84   4.68596941e+07  4.51084193e+07  1.66e+02 1.30e-04  4.78e-02  1048s
  85   4.67917513e+07  4.51251568e+07  1.47e+02 1.15e-04  4.24e-02  1058s
  86   4.67506942e+07  4.51288950e+07  1.36e+02 1.13e-04  3.98e-02  1066s
  87   4.67320930e+07  4.51371667e+07  1.31e+02 1.06e-04  3.81e-02  1073s
  88   4.67045380e+07  4.51421276e+07  1.24e+02 1.02e-04  3.62e-02  1080s
  89   4.66640292e+07  4.51505090e+07  1.13e+02 9.58e-05  3.33e-02  1091s
  90   4.66461996e+07  4.51556470e+07  1.09e+02 9.17e-05  3.19e-02  1098s
  91   4.66253506e+07  4.51626531e+07  1.03e+02 8.63e-05  3.03e-02  1108s
  92   4.66131044e+07  4.51708655e+07  1.00e+02 8.00e-05  2.90e-02  1120s
  93   4.66048921e+07  4.51720843e+07  9.82e+01 7.91e-05  2.84e-02  1130s
  94   4.65966472e+07  4.51762063e+07  9.62e+01 7.58e-05  2.77e-02  1138s
  95   4.65822926e+07  4.51785589e+07  9.27e+01 7.39e-05  2.68e-02  1146s
  96   4.65659509e+07  4.51822664e+07  8.88e+01 7.08e-05  2.57e-02  1153s
  97   4.65416311e+07  4.51887048e+07  8.30e+01 6.57e-05  2.39e-02  1163s
  98   4.65206333e+07  4.51925761e+07  7.82e+01 6.20e-05  2.26e-02  1171s
  99   4.64786115e+07  4.51958233e+07  6.87e+01 5.89e-05  2.03e-02  1182s
 100   4.64476468e+07  4.52001774e+07  6.20e+01 5.51e-05  1.85e-02  1194s
 101   4.64352326e+07  4.52038912e+07  5.95e+01 5.15e-05  1.77e-02  1204s
 102   4.64072814e+07  4.52101608e+07  5.37e+01 4.54e-05  1.60e-02  1211s
 103   4.63898533e+07  4.52177414e+07  5.03e+01 3.82e-05  1.47e-02  1220s
 104   4.63774637e+07  4.52192853e+07  4.79e+01 3.69e-05  1.40e-02  1227s
 105   4.63515514e+07  4.52233407e+07  4.31e+01 3.28e-05  1.27e-02  1237s
 106   4.63341680e+07  4.52246649e+07  4.00e+01 3.16e-05  1.19e-02  1245s
 107   4.63026595e+07  4.52265796e+07  3.47e+01 3.06e-05  1.06e-02  1255s
 108   4.62504980e+07  4.52328914e+07  2.64e+01 2.49e-05  8.40e-03  1268s
 109   4.62392464e+07  4.52401222e+07  2.49e+01 2.01e-05  7.50e-03  1278s
 110   4.62158243e+07  4.52448403e+07  2.19e+01 1.65e-05  6.47e-03  1285s
 111   4.61881664e+07  4.52471325e+07  1.85e+01 1.49e-05  5.58e-03  1293s
 112   4.61695478e+07  4.52487999e+07  1.65e+01 1.37e-05  5.03e-03  1301s
 113   4.61442328e+07  4.52508689e+07  1.40e+01 1.21e-05  4.33e-03  1311s
 114   4.61317313e+07  4.52540435e+07  1.29e+01 9.91e-06  3.85e-03  1325s
 115   4.61054252e+07  4.52543974e+07  1.08e+01 9.63e-06  3.34e-03  1335s
 116   4.61000953e+07  4.52548810e+07  1.04e+01 9.27e-06  3.21e-03  1343s
 117   4.60915721e+07  4.52562503e+07  9.78e+00 8.15e-06  2.97e-03  1350s
 118   4.60855933e+07  4.52568235e+07  9.38e+00 7.71e-06  2.84e-03  1358s
 119   4.60737401e+07  4.52578469e+07  8.63e+00 6.94e-06  2.60e-03  1368s
 120   4.60703029e+07  4.52579621e+07  8.42e+00 6.85e-06  2.54e-03  1376s
 121   4.60607365e+07  4.52582834e+07  7.86e+00 6.59e-06  2.39e-03  1387s
 122   4.60508824e+07  4.52586801e+07  7.32e+00 6.19e-06  2.23e-03  1399s
 123   4.60396758e+07  4.52592363e+07  6.73e+00 5.76e-06  2.06e-03  1409s
 124   4.60332945e+07  4.52594635e+07  6.42e+00 5.56e-06  1.97e-03  1417s
 125   4.60296221e+07  4.52599937e+07  6.25e+00 5.12e-06  1.89e-03  1425s
 126   4.60263539e+07  4.52602213e+07  6.10e+00 4.93e-06  1.84e-03  1432s
 127   4.60216392e+07  4.52605005e+07  5.89e+00 4.69e-06  1.77e-03  1442s
 128   4.60170518e+07  4.52606034e+07  5.70e+00 4.60e-06  1.71e-03  1449s
 129   4.60118148e+07  4.52611367e+07  5.48e+00 4.16e-06  1.62e-03  1459s
 130   4.60043765e+07  4.52620114e+07  5.17e+00 3.42e-06  1.48e-03  1470s
 131   4.59951120e+07  4.52622428e+07  4.80e+00 3.20e-06  1.38e-03  1480s
 132   4.59766254e+07  4.52624955e+07  3.97e+00 2.96e-06  1.20e-03  1488s
 133   4.59685481e+07  4.52627106e+07  3.66e+00 2.77e-06  1.13e-03  1496s
 134   4.59638518e+07  4.52630249e+07  3.50e+00 2.50e-06  1.09e-03  1503s
 135   4.59413097e+07  4.52638901e+07  2.76e+00 1.68e-06  9.73e-04  1514s
 136   4.59409495e+07  4.52639865e+07  2.69e+00 1.60e-06  9.59e-04  1521s
 137   4.59341876e+07  4.52642334e+07  2.52e+00 1.38e-06  9.13e-04  1531s
 138   4.59198024e+07  4.52645211e+07  2.17e+00 1.13e-06  8.00e-04  1544s
 139   4.59096684e+07  4.52647407e+07  1.96e+00 1.06e-06  7.25e-04  1553s
 140   4.59101719e+07  4.52648220e+07  1.84e+00 1.03e-06  7.07e-04  1561s
 141   4.59026462e+07  4.52649041e+07  1.69e+00 9.46e-07  6.52e-04  1569s
 142   4.58944276e+07  4.52649386e+07  1.55e+00 9.50e-07  5.94e-04  1577s
 143   4.58889144e+07  4.52650105e+07  1.46e+00 9.33e-07  5.58e-04  1587s
 144   4.58861018e+07  4.52650681e+07  1.41e+00 9.27e-07  5.42e-04  1595s
 145   4.58830756e+07  4.52651822e+07  1.37e+00 9.05e-07  5.27e-04  1605s
 146   4.58774871e+07  4.52651811e+07  1.28e+00 9.01e-07  4.91e-04  1619s
 147   4.58763266e+07  4.52652209e+07  1.26e+00 8.88e-07  4.86e-04  1628s
 148   4.58739821e+07  4.52652353e+07  1.23e+00 8.82e-07  4.71e-04  1636s
 149   4.58709868e+07  4.52652744e+07  1.17e+00 8.64e-07  4.60e-04  1644s
 150   4.58695049e+07  4.52653139e+07  1.15e+00 8.53e-07  4.52e-04  1652s
 151   4.58684371e+07  4.52653770e+07  1.14e+00 8.47e-07  4.51e-04  1663s
 152   4.58665247e+07  4.52654486e+07  1.11e+00 8.69e-07  4.44e-04  1675s
 153   4.58513234e+07  4.52654895e+07  8.97e-01 8.09e-07  3.61e-04  1685s
 154   4.58443802e+07  4.52655533e+07  8.15e-01 7.00e-07  3.28e-04  1693s
 155   4.58382572e+07  4.52656069e+07  7.49e-01 6.53e-07  3.01e-04  1700s
 156   4.58354988e+07  4.52656300e+07  7.22e-01 6.35e-07  2.90e-04  1708s
 157   4.58322865e+07  4.52656932e+07  6.91e-01 5.86e-07  2.77e-04  1717s
 158   4.58317000e+07  4.52657043e+07  6.85e-01 5.78e-07  2.74e-04  1726s
 159   4.58282265e+07  4.52657314e+07  6.53e-01 5.60e-07  2.61e-04  1737s
 160   4.58203788e+07  4.52657700e+07  5.84e-01 5.32e-07  2.36e-04  1749s
 161   4.58103568e+07  4.52658042e+07  5.04e-01 5.05e-07  2.05e-04  1760s
 162   4.58091375e+07  4.52658126e+07  4.96e-01 4.98e-07  2.01e-04  1767s
 163   4.58041672e+07  4.52658240e+07  4.62e-01 4.90e-07  1.89e-04  1775s
 164   4.58014519e+07  4.52658774e+07  4.45e-01 4.46e-07  1.81e-04  1782s
 165   4.57958696e+07  4.52659340e+07  4.11e-01 3.98e-07  1.66e-04  1792s
 166   4.57903653e+07  4.52659513e+07  3.80e-01 3.82e-07  1.54e-04  1799s
 167   4.57892355e+07  4.52659594e+07  3.74e-01 3.74e-07  1.51e-04  1809s
 168   4.57866884e+07  4.52659689e+07  3.61e-01 3.65e-07  1.46e-04  1821s
 169   4.57841276e+07  4.52659839e+07  3.48e-01 3.47e-07  1.41e-04  1832s
 170   4.57792905e+07  4.52659889e+07  3.24e-01 3.45e-07  1.32e-04  1839s
 171   4.57690743e+07  4.52660236e+07  2.78e-01 3.31e-07  1.15e-04  1847s
 172   4.57601584e+07  4.52660528e+07  2.44e-01 3.09e-07  1.01e-04  1855s
 173   4.57545597e+07  4.52660851e+07  2.25e-01 2.85e-07  9.27e-05  1867s
 174   4.57506232e+07  4.52661121e+07  2.12e-01 2.69e-07  8.69e-05  1881s
 175   4.57440839e+07  4.52661301e+07  1.93e-01 2.62e-07  7.89e-05  1891s
 176   4.57438083e+07  4.52661387e+07  1.92e-01 2.58e-07  7.83e-05  1898s
 177   4.57436987e+07  4.52661390e+07  1.92e-01 2.58e-07  7.82e-05  1906s
 178   4.57430951e+07  4.52661440e+07  1.90e-01 2.55e-07  7.74e-05  1914s
 179   4.57420642e+07  4.52661533e+07  1.87e-01 2.51e-07  7.60e-05  1924s
 180   4.57405750e+07  4.52661596e+07  1.82e-01 2.49e-07  7.42e-05  1931s
 181   4.57377978e+07  4.52661798e+07  1.74e-01 2.41e-07  7.06e-05  1941s
 182   4.57359302e+07  4.52661935e+07  1.69e-01 2.34e-07  6.83e-05  1953s
 183   4.57344672e+07  4.52662195e+07  1.65e-01 2.21e-07  6.61e-05  1962s
 184   4.57322221e+07  4.52662274e+07  1.59e-01 2.17e-07  6.37e-05  1970s
 185   4.57306353e+07  4.52662497e+07  1.55e-01 2.02e-07  6.14e-05  1977s
 186   4.57259487e+07  4.52662675e+07  1.42e-01 1.94e-07  5.68e-05  1986s
 187   4.57191533e+07  4.52662943e+07  1.25e-01 1.82e-07  5.06e-05  1996s
 188   4.57076219e+07  4.52663062e+07  1.00e-01 1.77e-07  4.26e-05  2008s
 189   4.57026354e+07  4.52663600e+07  9.18e-02 1.52e-07  3.80e-05  2020s
 190   4.56982386e+07  4.52663796e+07  8.85e-02 1.42e-07  3.62e-05  2029s
 191   4.56837559e+07  4.52663857e+07  7.77e-02 1.39e-07  3.32e-05  2039s
 192   4.56837136e+07  4.52663852e+07  7.77e-02 1.39e-07  3.32e-05  2058s
 193   4.56796949e+07  4.52663900e+07  7.51e-02 1.37e-07  3.23e-05  2068s
 194   4.56718246e+07  4.52663974e+07  7.01e-02 1.33e-07  3.04e-05  2081s
 195   4.56697653e+07  4.52664019e+07  6.89e-02 1.31e-07  2.99e-05  2095s
 196   4.56696550e+07  4.52664023e+07  6.89e-02 1.30e-07  2.99e-05  2110s
 197   4.53306340e+10 -1.01676726e+11  6.83e+10 4.79e+00  1.27e+08  2126s
 198   4.53383347e+10 -2.74203006e+11  6.66e+10 1.08e+03  1.07e+08  2136s
 199   4.33620899e+10 -5.52868975e+11  5.75e+10 6.71e+02  7.41e+07  2148s
 200   3.97190561e+10 -1.17844870e+12  4.69e+10 2.78e+02  4.69e+07  2158s
 201   3.53915795e+10 -1.34344756e+12  3.34e+10 1.20e+02  2.89e+07  2165s
 202   3.25342715e+10 -1.40134353e+12  2.42e+10 5.42e+01  1.84e+07  2172s
 203   3.08889633e+10 -1.36105964e+12  1.56e+10 1.58e+01  1.05e+07  2179s
 204   3.03473166e+10 -1.18716655e+12  8.19e+09 3.26e+00  5.17e+06  2189s
 205   3.08915456e+10 -1.01102784e+12  5.40e+09 1.15e+00  3.34e+06  2198s
 206   3.14919803e+10 -7.94730022e+11  2.77e+09 3.17e-01  1.68e+06  2209s
 207   3.08230434e+10 -5.31117582e+11  6.01e+08 3.28e-02  3.79e+05  2221s
 208   3.67067209e+10 -3.30667509e+11  4.17e+08 5.01e-02  2.44e+05  2230s
 209   4.05269504e+10 -2.93244698e+11  3.86e+08 6.02e-02  2.22e+05  2238s
 210   5.10275458e+10 -2.15243809e+11  2.89e+08 8.11e-02  1.62e+05  2246s
 211   5.34062909e+10 -1.69945234e+11  2.64e+08 7.64e-02  1.42e+05  2253s
 212   4.93024111e+10 -1.01499194e+11  1.76e+08 6.04e-02  9.13e+04  2263s
 213   4.72774292e+10 -9.48757271e+10  1.54e+08 5.66e-02  8.02e+04  2271s
 214   4.49365416e+10 -8.01680915e+10  1.36e+08 4.57e-02  6.59e+04  2281s
 215   3.55903707e+10 -6.24722869e+10  9.03e+07 9.75e-02  4.07e+04  2294s
 216   2.19452751e+10 -4.51779669e+10  5.34e+07 8.87e-02  2.38e+04  2303s
 217   1.70180849e+10 -4.40413072e+10  4.06e+07 8.62e-02  1.88e+04  2311s
 218   1.37065161e+10 -3.17714059e+10  2.66e+07 5.70e-02  1.23e+04  2319s
 219   1.22493639e+10 -2.92963855e+10  2.36e+07 5.43e-02  1.09e+04  2327s
 220   1.01240313e+10 -2.55635446e+10  1.91e+07 4.91e-02  8.68e+03  2337s
 221   9.63465559e+09 -2.33864701e+10  1.76e+07 4.71e-02  7.97e+03  2345s
 222   9.12105054e+09 -1.85766724e+10  1.48e+07 4.47e-02  6.50e+03  2356s
 223   8.27950132e+09 -8.94441897e+09  1.34e+07 4.04e-02  4.86e+03  2366s
 224   6.12224517e+09 -8.07023195e+09  9.62e+06 5.55e-02  3.52e+03  2376s
 225   4.50328831e+09 -5.48255524e+09  6.84e+06 3.97e-02  2.40e+03  2384s
 226   3.18080447e+09 -3.71460631e+09  4.19e+06 3.66e-02  1.46e+03  2394s
 227   2.22489354e+09 -2.84738767e+09  2.69e+06 3.16e-02  9.41e+02  2401s
 228   1.71935921e+09 -2.38280218e+09  1.92e+06 2.96e-02  6.68e+02  2411s
 229   1.07901953e+09 -1.12271345e+09  1.09e+06 2.49e-02  3.28e+02  2423s
 230   5.64007496e+08 -7.75654855e+08  5.21e+05 2.28e-02  1.65e+02  2434s
 231   4.80487816e+08 -7.23814636e+08  3.92e+05 2.19e-02  1.36e+02  2441s
 232   4.13733802e+08 -5.61177730e+08  3.08e+05 2.11e-02  1.05e+02  2448s
 233   3.27566470e+08 -4.09585762e+08  2.15e+05 2.05e-02  7.46e+01  2455s
 234   2.99674472e+08 -2.29685729e+08  1.84e+05 1.86e-02  5.23e+01  2465s
 235   2.60226693e+08 -1.55384227e+08  1.49e+05 1.64e-02  4.02e+01  2473s
 236   2.35256532e+08 -7.20620162e+07  1.30e+05 1.58e-02  2.92e+01  2482s
 237   1.98307729e+08 -3.82054309e+07  1.05e+05 1.53e-02  2.20e+01  2495s
 238   1.83983822e+08 -9.03830943e+06  9.36e+04 1.42e-02  1.77e+01  2506s
 239   1.58979884e+08  1.33242092e+06  7.47e+04 1.48e-02  1.41e+01  2513s
 240   1.38529521e+08  1.22091653e+07  5.90e+04 1.32e-02  1.10e+01  2520s
 241   1.30224951e+08  2.07329003e+07  5.29e+04 1.21e-02  9.49e+00  2527s
 242   1.12526705e+08  2.75326359e+07  4.09e+04 1.09e-02  7.13e+00  2538s
 243   1.08102743e+08  2.58248710e+07  3.80e+04 1.09e-02  6.83e+00  2545s
 244   9.79283027e+07  2.90425715e+07  3.13e+04 9.75e-03  5.57e+00  2555s
 245   8.79203948e+07  3.30908207e+07  2.54e+04 7.34e-03  4.24e+00  2568s
 246   8.22974305e+07  3.51405190e+07  2.19e+04 5.82e-03  3.54e+00  2577s
 247   7.86227947e+07  3.65792719e+07  1.97e+04 4.66e-03  3.10e+00  2585s
 248   7.51208942e+07  3.78372639e+07  1.75e+04 3.76e-03  2.70e+00  2593s
 249   7.32793579e+07  3.86214141e+07  1.62e+04 3.29e-03  2.47e+00  2601s
 250   6.83212969e+07  3.92514207e+07  1.29e+04 2.94e-03  2.00e+00  2611s
 251   6.57153207e+07  3.99354605e+07  1.11e+04 2.49e-03  1.72e+00  2618s
 252   6.42033049e+07  4.04927826e+07  1.01e+04 2.29e-03  1.55e+00  2628s
 253   6.07543227e+07  4.12524330e+07  7.86e+03 2.13e-03  1.20e+00  2641s
 254   5.93762061e+07  4.13325000e+07  6.94e+03 2.11e-03  1.08e+00  2651s
 255   5.89236841e+07  4.17550971e+07  6.58e+03 1.98e-03  1.01e+00  2658s
 256   5.84926962e+07  4.20365744e+07  6.30e+03 1.89e-03  9.55e-01  2666s
 257   5.80587606e+07  4.22773643e+07  5.97e+03 1.79e-03  9.00e-01  2674s
 258   5.71069447e+07  4.25849709e+07  5.33e+03 1.64e-03  8.00e-01  2684s
 259   5.59785038e+07  4.30053115e+07  4.55e+03 1.39e-03  6.76e-01  2697s
 260   5.54435228e+07  4.32873859e+07  4.17e+03 1.27e-03  6.12e-01  2706s
 261   5.52960019e+07  4.33178876e+07  4.06e+03 1.26e-03  5.98e-01  2713s
 262   5.50885358e+07  4.34068006e+07  3.91e+03 1.22e-03  5.75e-01  2720s
 263   5.49719656e+07  4.34902291e+07  3.83e+03 1.19e-03  5.60e-01  2728s
 264   5.47619347e+07  4.36700295e+07  3.68e+03 1.13e-03  5.29e-01  2738s
 265   5.45045093e+07  4.37527911e+07  3.49e+03 1.10e-03  5.03e-01  2746s
 266   5.40045048e+07  4.38926463e+07  3.12e+03 1.06e-03  4.55e-01  2756s
 267   5.35772057e+07  4.40251903e+07  2.81e+03 1.03e-03  4.14e-01  2768s
 268   5.31295513e+07  4.41383505e+07  2.50e+03 9.71e-04  3.72e-01  2778s
 269   5.30405102e+07  4.41468342e+07  2.44e+03 9.64e-04  3.65e-01  2785s
 270   5.28755628e+07  4.41261860e+07  2.35e+03 9.29e-04  3.54e-01  2793s
 271   5.28237579e+07  4.41956492e+07  2.31e+03 9.00e-04  3.44e-01  2800s
 272   5.27067755e+07  4.42302726e+07  2.24e+03 8.85e-04  3.33e-01  2809s
 273   5.25919381e+07  4.42800135e+07  2.18e+03 8.63e-04  3.20e-01  2817s
 274   5.23015717e+07  4.43381079e+07  2.00e+03 8.41e-04  2.95e-01  2827s
 275   5.21718677e+07  4.43945352e+07  1.93e+03 8.00e-04  2.82e-01  2837s
 276   5.16769305e+07  4.44325264e+07  1.62e+03 7.83e-04  2.45e-01  2847s
 277   5.14904480e+07  4.45169391e+07  1.51e+03 6.91e-04  2.26e-01  2854s
 278   5.14342571e+07  4.46889155e+07  1.48e+03 5.81e-04  2.07e-01  2863s
 279   5.11405008e+07  4.47168143e+07  1.31e+03 5.50e-04  1.86e-01  2871s
 280   5.09992972e+07  4.47678912e+07  1.23e+03 5.02e-04  1.73e-01  2881s
 281   5.07516909e+07  4.48227785e+07  1.09e+03 4.43e-04  1.53e-01  2893s
 282   5.05905909e+07  4.48439043e+07  1.01e+03 4.20e-04  1.43e-01  2903s
 283   5.05440767e+07  4.48539281e+07  9.86e+02 4.08e-04  1.39e-01  2911s
 284   5.04154291e+07  4.48789625e+07  9.20e+02 3.76e-04  1.30e-01  2918s
 285   5.03537846e+07  4.48906169e+07  8.90e+02 3.64e-04  1.26e-01  2926s
 286   5.02718933e+07  4.49110488e+07  8.50e+02 3.43e-04  1.20e-01  2935s
 287   5.02328087e+07  4.49180861e+07  8.31e+02 3.35e-04  1.17e-01  2943s
 288   5.01595646e+07  4.49530730e+07  7.96e+02 3.01e-04  1.10e-01  2952s
 289   4.99901936e+07  4.49683052e+07  7.17e+02 2.84e-04  1.01e-01  2965s
 290   4.98893997e+07  4.49961863e+07  6.72e+02 2.57e-04  9.37e-02  2974s
 291   4.98429034e+07  4.50095821e+07  6.52e+02 2.43e-04  9.04e-02  2982s
 292   4.97770807e+07  4.50158758e+07  6.25e+02 2.36e-04  8.69e-02  2989s
 293   4.97192674e+07  4.50243566e+07  6.01e+02 2.26e-04  8.36e-02  2997s
 294   4.96377378e+07  4.50366990e+07  5.68e+02 2.14e-04  7.89e-02  3007s
 295   4.95774440e+07  4.50417318e+07  5.45e+02 2.09e-04  7.60e-02  3015s
 296   4.95263013e+07  4.50490420e+07  5.25e+02 2.01e-04  7.32e-02  3024s
 297   4.93889427e+07  4.50735635e+07  4.71e+02 1.79e-04  6.52e-02  3037s
 298   4.93152213e+07  4.50943329e+07  4.42e+02 1.61e-04  6.04e-02  3047s
 299   4.92763814e+07  4.51016687e+07  4.27e+02 1.54e-04  5.82e-02  3055s
 300   4.91820715e+07  4.51082449e+07  3.91e+02 1.47e-04  5.40e-02  3063s
 301   4.91346516e+07  4.51162770e+07  3.74e+02 1.40e-04  5.15e-02  3071s
 302   4.90691104e+07  4.51179110e+07  3.51e+02 1.39e-04  4.89e-02  3080s
 303   4.90360480e+07  4.51271542e+07  3.39e+02 1.30e-04  4.70e-02  3087s
 304   4.89543071e+07  4.51323602e+07  3.12e+02 1.25e-04  4.36e-02  3097s
 305   4.89082213e+07  4.51420873e+07  2.97e+02 1.17e-04  4.12e-02  3109s
 306   4.88706763e+07  4.51488731e+07  2.85e+02 1.10e-04  3.94e-02  3119s
 307   4.88397951e+07  4.51536883e+07  2.76e+02 1.06e-04  3.80e-02  3126s
 308   4.88161182e+07  4.51580362e+07  2.69e+02 1.01e-04  3.69e-02  3134s
 309   4.87878760e+07  4.51609228e+07  2.60e+02 9.87e-05  3.58e-02  3142s
 310   4.87780423e+07  4.51645625e+07  2.57e+02 9.52e-05  3.52e-02  3151s
 311   4.87582280e+07  4.51670425e+07  2.52e+02 9.29e-05  3.44e-02  3159s
 312   4.87184071e+07  4.51736103e+07  2.41e+02 8.69e-05  3.26e-02  3168s
 313   4.86780140e+07  4.51787152e+07  2.29e+02 8.34e-05  3.10e-02  3181s
 314   4.86338864e+07  4.51850740e+07  2.18e+02 7.95e-05  2.92e-02  3190s
 315   4.86099000e+07  4.51866632e+07  2.12e+02 7.84e-05  2.84e-02  3198s
 316   4.85835420e+07  4.51894464e+07  2.05e+02 7.64e-05  2.75e-02  3205s
 317   4.85605408e+07  4.51906058e+07  1.99e+02 7.55e-05  2.68e-02  3213s
 318   4.85104787e+07  4.51951462e+07  1.87e+02 6.98e-05  2.52e-02  3222s
 319   4.84695522e+07  4.51987811e+07  1.78e+02 6.73e-05  2.38e-02  3230s
 320   4.84158173e+07  4.52010128e+07  1.65e+02 6.51e-05  2.23e-02  3239s
 321   4.83640855e+07  4.52097104e+07  1.53e+02 5.64e-05  2.02e-02  3252s
 322   4.82959334e+07  4.52179582e+07  1.38e+02 4.76e-05  1.79e-02  3262s
 323   4.82472960e+07  4.52237341e+07  1.28e+02 4.13e-05  1.64e-02  3269s
 324   4.81369243e+07  4.52276972e+07  1.07e+02 3.73e-05  1.39e-02  3276s
 325   4.81185351e+07  4.52289265e+07  1.03e+02 3.63e-05  1.34e-02  3284s
 326   4.80738332e+07  4.52304499e+07  9.52e+01 3.51e-05  1.25e-02  3295s
 327   4.80182646e+07  4.52353965e+07  8.57e+01 3.15e-05  1.11e-02  3306s
 328   4.79485008e+07  4.52375297e+07  7.49e+01 2.97e-05  9.79e-03  3315s
 329   4.79331479e+07  4.52392335e+07  7.28e+01 2.82e-05  9.43e-03  3323s
 330   4.79041342e+07  4.52407727e+07  6.88e+01 2.67e-05  8.90e-03  3330s
 331   4.78495345e+07  4.52427901e+07  6.16e+01 2.47e-05  8.03e-03  3338s
 332   4.77914382e+07  4.52459054e+07  5.47e+01 2.17e-05  7.07e-03  3348s
 333   4.77640357e+07  4.52463709e+07  5.18e+01 2.13e-05  6.73e-03  3355s
 334   4.77363877e+07  4.52485334e+07  4.90e+01 1.89e-05  6.27e-03  3365s
 335   4.76679267e+07  4.52498906e+07  4.23e+01 1.75e-05  5.47e-03  3377s
 336   4.76306791e+07  4.52510897e+07  3.91e+01 1.61e-05  5.05e-03  3387s
 337   4.76159529e+07  4.52515614e+07  3.76e+01 1.56e-05  4.88e-03  3395s
 338   4.75965719e+07  4.52530410e+07  3.60e+01 1.40e-05  4.60e-03  3403s
 339   4.75702063e+07  4.52535278e+07  3.38e+01 1.34e-05  4.34e-03  3410s
 340   4.75798599e+07  4.52541208e+07  3.19e+01 1.28e-05  4.25e-03  3420s
 341   4.75663592e+07  4.52544856e+07  3.09e+01 1.24e-05  4.12e-03  3427s
 342   4.75614267e+07  4.52556895e+07  2.96e+01 1.10e-05  3.95e-03  3437s
 343   4.75397568e+07  4.52561102e+07  2.81e+01 1.05e-05  3.75e-03  3450s
 344   4.75201131e+07  4.52565357e+07  2.67e+01 9.93e-06  3.59e-03  3460s
 345   4.75018151e+07  4.52568480e+07  2.55e+01 9.50e-06  3.45e-03  3467s
 346   4.74874510e+07  4.52571558e+07  2.45e+01 9.14e-06  3.31e-03  3475s
 347   4.74583076e+07  4.52576536e+07  2.25e+01 8.44e-06  3.04e-03  3482s
 348   4.74383110e+07  4.52578270e+07  2.10e+01 8.19e-06  2.89e-03  3492s
 349   4.74305515e+07  4.52581125e+07  2.04e+01 7.85e-06  2.83e-03  3499s
 350   4.73878455e+07  4.52590365e+07  1.75e+01 6.71e-06  2.49e-03  3509s
 351   4.73840125e+07  4.52595548e+07  1.72e+01 6.13e-06  2.47e-03  3521s
 352   4.73626954e+07  4.52598883e+07  1.56e+01 5.77e-06  2.23e-03  3532s
 353   4.73545205e+07  4.52601699e+07  1.51e+01 5.45e-06  2.14e-03  3540s
 354   4.73432904e+07  4.52604284e+07  1.41e+01 5.16e-06  2.04e-03  3548s
 355   4.73240401e+07  4.52608128e+07  1.25e+01 4.69e-06  1.87e-03  3555s
 356   4.72971810e+07  4.52613726e+07  1.08e+01 4.02e-06  1.61e-03  3564s
 357   4.72905243e+07  4.52615797e+07  1.04e+01 3.79e-06  1.56e-03  3572s
 358   4.72772953e+07  4.52619356e+07  9.60e+00 3.40e-06  1.44e-03  3581s
 359   4.72622610e+07  4.52624533e+07  8.36e+00 2.88e-06  1.28e-03  3593s
 360   4.72468842e+07  4.52626753e+07  7.47e+00 2.66e-06  1.14e-03  3603s
 361   4.72433341e+07  4.52628443e+07  7.28e+00 2.48e-06  1.11e-03  3611s
 362   4.72379951e+07  4.52629783e+07  6.98e+00 2.34e-06  1.08e-03  3618s
 363   4.72285205e+07  4.52630440e+07  6.50e+00 2.27e-06  1.00e-03  3626s
 364   4.72187284e+07  4.52632972e+07  6.03e+00 2.01e-06  9.27e-04  3636s
 365   4.72166391e+07  4.52634494e+07  5.93e+00 1.89e-06  9.11e-04  3648s
 366   4.71999983e+07  4.52635610e+07  5.18e+00 1.91e-06  7.95e-04  3658s
 367   4.71949919e+07  4.52636850e+07  4.98e+00 1.78e-06  7.65e-04  3665s
 368   4.71876021e+07  4.52637285e+07  4.69e+00 1.76e-06  7.22e-04  3673s
 369   4.71835023e+07  4.52638690e+07  4.54e+00 1.66e-06  6.96e-04  3680s
 370   4.71783210e+07  4.52639883e+07  4.36e+00 1.56e-06  6.65e-04  3690s
 371   4.71704129e+07  4.52640226e+07  4.09e+00 1.51e-06  6.25e-04  3697s
 372   4.71641403e+07  4.52640611e+07  3.88e+00 1.46e-06  5.95e-04  3708s
 373   4.71566339e+07  4.52641469e+07  3.65e+00 1.37e-06  5.58e-04  3720s
 374   4.71514355e+07  4.52642560e+07  3.49e+00 1.26e-06  5.32e-04  3729s
 375   4.71477661e+07  4.52642865e+07  3.39e+00 1.23e-06  5.18e-04  3738s
 376   4.71448023e+07  4.52643531e+07  3.31e+00 1.15e-06  5.03e-04  3746s
 377   4.71412707e+07  4.52643786e+07  3.22e+00 1.12e-06  4.89e-04  3754s
 378   4.71249484e+07  4.52644731e+07  2.80e+00 1.03e-06  4.24e-04  3764s
 379   4.71188710e+07  4.52645279e+07  2.66e+00 9.68e-07  4.02e-04  3776s
 380   4.71080836e+07  4.52645570e+07  2.42e+00 9.33e-07  3.68e-04  3786s
 381   4.70954215e+07  4.52646100e+07  2.17e+00 8.88e-07  3.31e-04  3793s
 382   4.70879200e+07  4.52646555e+07  2.04e+00 8.41e-07  3.11e-04  3801s
 383   4.70805294e+07  4.52646826e+07  1.91e+00 8.09e-07  2.92e-04  3809s
 384   4.70788011e+07  4.52647012e+07  1.89e+00 7.87e-07  2.88e-04  3819s
 385   4.70773716e+07  4.52647278e+07  1.86e+00 7.58e-07  2.83e-04  3826s
 386   4.70662582e+07  4.52647610e+07  1.69e+00 7.24e-07  2.58e-04  3836s
 387   4.70572575e+07  4.52648249e+07  1.56e+00 6.53e-07  2.38e-04  3849s
 388   4.70460812e+07  4.52648398e+07  1.42e+00 6.37e-07  2.18e-04  3858s
 389   4.70421676e+07  4.52649104e+07  1.37e+00 5.64e-07  2.08e-04  3867s
 390   4.70391723e+07  4.52649259e+07  1.34e+00 5.48e-07  2.03e-04  3874s
 391   4.70334410e+07  4.52649464e+07  1.27e+00 5.27e-07  1.94e-04  3881s
 392   4.70236152e+07  4.52649979e+07  1.17e+00 4.78e-07  1.77e-04  3892s
 393   4.70212265e+07  4.52650206e+07  1.14e+00 4.55e-07  1.73e-04  3899s
 394   4.70124852e+07  4.52650833e+07  1.06e+00 3.98e-07  1.58e-04  3909s
 395   4.70072366e+07  4.52651635e+07  1.01e+00 3.25e-07  1.48e-04  3922s
 396   4.69963032e+07  4.52651746e+07  9.19e-01 3.12e-07  1.35e-04  3932s
 397   4.69869567e+07  4.52651996e+07  8.47e-01 2.86e-07  1.25e-04  3940s
 398   4.69787814e+07  4.52652148e+07  7.89e-01 2.72e-07  1.16e-04  3949s

Barrier performed 398 iterations in 3948.67 seconds
Sub-optimal termination - objective 4.56697653e+07

Freed default Gurobi environment

